  fanout_io                asyncio  n=500          78.0k ops/s  (0.320s, rsd 0.5%)  rss +5.2M (11k/unit)
  fanout_io                threads  n=500         311.7k ops/s  (0.080s, rsd 1.0%)  rss +116.2M (238k/unit)
  fanout_io                threads-sq n=500         311.3k ops/s  (0.080s, rsd 0.1%)  rss +116.8M (239k/unit)
  fanout_io                runloom  n=500         388.4k ops/s  (0.064s, rsd 1.8%)  rss +31.0M (63k/unit)
  fanout_io                runloom-mig n=500     FAILED: exit -11: 
  fanout_io                go       n=500         861.1k ops/s  (0.029s, rsd 7.8%)  rss +0 (0/unit)
  worker_pool              asyncio  n=20000        42.3k ops/s  (0.473s, rsd 0.8%)  rss +1.5M (79/unit)
  worker_pool              threads  n=20000        52.1k ops/s  (0.384s, rsd 0.8%)  rss +1.0M (52/unit)
  worker_pool              threads-sq n=20000       365.1k ops/s  (0.055s, rsd 5.2%)  rss +1.2M (66/unit)
  worker_pool              runloom  n=20000       145.3k ops/s  (0.138s, rsd 6.7%)  rss +18.2M (957/unit)
  worker_pool              runloom-mig n=20000       335.4k ops/s  (0.060s, rsd 5.5%)  rss +24.0M (1k/unit)
  worker_pool              go       n=20000        1.76M ops/s  (0.011s, rsd 0.4%)  rss +0 (0/unit)
  pipeline                 asyncio  n=50000        43.5k ops/s  (1.150s, rsd 0.2%)  rss +1.5M (31/unit)
  pipeline                 threads  n=50000        83.1k ops/s  (0.602s, rsd 1.1%)  rss +0 (0/unit)
  pipeline                 threads-sq n=50000       109.2k ops/s  (0.458s, rsd 1.1%)  rss +6.0M (126/unit)
  pipeline                 runloom  n=50000        83.2k ops/s  (0.601s, rsd 1.6%)  rss +16.0M (336/unit)
  pipeline                 runloom-mig n=50000        78.2k ops/s  (0.639s, rsd 1.0%)  rss +63.5M (1k/unit)
  pipeline                 go       n=50000       384.7k ops/s  (0.130s, rsd 1.8%)  rss +0 (0/unit)
  cpu_parallel             asyncio  n=64           8.44M ops/s  (3.033s, rsd 1.7%)  rss +1.2M (20k/unit)
  cpu_parallel             threads  n=64         106.09M ops/s  (0.241s, rsd 2.1%)  rss +0 (0/unit)
  cpu_parallel             threads-sq n=64         104.99M ops/s  (0.244s, rsd 4.2%)  rss +0 (0/unit)
  cpu_parallel             runloom  n=64          97.50M ops/s  (0.263s, rsd 1.4%)  rss +15.5M (248k/unit)
  cpu_parallel             runloom-mig n=64         105.23M ops/s  (0.243s, rsd 0.5%)  rss +22.8M (364k/unit)
  cpu_parallel             go       n=64       18383.18M ops/s  (0.001s, rsd 2.4%)  rss +0 (0/unit)
  sleepers                 asyncio  n=5000        186.2k ops/s  (0.537s, rsd 0.1%)  rss +10.0M (2k/unit)
  sleepers                 threads  n=5000         87.9k ops/s  (1.137s, rsd 0.0%)  rss +124.1M (25k/unit)
  sleepers                 threads-sq n=5000         90.1k ops/s  (1.110s, rsd 0.6%)  rss +123.6M (25k/unit)
  sleepers                 runloom  n=5000        297.9k ops/s  (0.336s, rsd 1.0%)  rss +86.2M (18k/unit)
  sleepers                 runloom-mig n=5000         33.4k ops/s  (2.991s, rsd 2.1%)  rss +803.3M (165k/unit)
  sleepers                 go       n=5000        811.4k ops/s  (0.123s, rsd 0.1%)  rss +0 (0/unit)
  mixed                    asyncio  n=200          14.6k ops/s  (0.274s, rsd 0.6%)  rss +3.2M (17k/unit)
  mixed                    threads  n=200          24.3k ops/s  (0.164s, rsd 4.0%)  rss +48.8M (250k/unit)
  mixed                    threads-sq n=200          24.9k ops/s  (0.161s, rsd 0.2%)  rss +49.0M (251k/unit)
  mixed                    runloom  n=200          61.9k ops/s  (0.065s, rsd 6.8%)  rss +26.0M (133k/unit)
  mixed                    runloom-mig n=200     FAILED: exit -11: 
  mixed                    go       n=200          68.0k ops/s  (0.059s, rsd 1.6%)  rss +0 (0/unit)
  spawn_churn              asyncio  n=100000       90.1k ops/s  (1.109s, rsd 0.4%)  rss +88.5M (928/unit)
  spawn_churn              threads  n=100000        7.8k ops/s  (12.886s, rsd 0.0%)  rss +60.6M (635/unit)
  spawn_churn              threads-sq n=100000        7.7k ops/s  (12.995s, rsd 0.3%)  rss +60.3M (632/unit)
  spawn_churn              runloom  n=100000       10.4k ops/s  (9.635s, rsd 0.0%)  rss +1.34G (14k/unit)
  spawn_churn              runloom-mig n=100000         999 ops/s  (100.070s, rsd 19.4%)  rss +3.40G (36k/unit)
  spawn_churn              go       n=100000       2.44M ops/s  (0.041s, rsd 1.1%)  rss +0 (0/unit)
  cpu_parallel@1           runloom  n=64           8.60M ops/s  (2.977s, rsd 0.9%)  rss +12.2M (196k/unit)
  cpu_parallel@1           runloom-mig n=64           8.74M ops/s  (2.928s, rsd 0.3%)  rss +12.5M (200k/unit)
  cpu_parallel@1           go       n=64        3229.06M ops/s  (0.008s, rsd 1.6%)  rss +0 (0/unit)

ops/s                        asyncio     threads  threads-sq     runloom runloom-mig          go  |         xthreads         xthreads         xthreads         xthreads         xthreads         xasyncio         xasyncio         xasyncio         xasyncio         xasyncio
                                                                                                  |          asyncio       threads-sq          runloom      runloom-mig               go          threads       threads-sq          runloom      runloom-mig               go
cpu_parallel                   8.44M     106.09M     104.99M      97.50M     105.23M      18.38G  |             0.08             0.99             0.92             0.99           173.28            12.57            12.44            11.55            12.47          2177.99
cpu_parallel@1                     -           -           -       8.60M       8.74M       3.23G  |                -                -                -                -                -                -                -                -                -                -
fanout_io                      78.0k      311.7k      311.3k      388.4k  exit -11:       861.1k  |             0.25             1.00             1.25                -             2.76             3.99             3.99             4.98                -            11.03
mixed                          14.6k       24.3k       24.9k       61.9k  exit -11:        68.0k  |             0.60             1.02             2.54                -             2.80             1.67             1.71             4.24                -             4.66
pipeline                       43.5k       83.1k      109.2k       83.2k       78.2k      384.7k  |             0.52             1.31             1.00             0.94             4.63             1.91             2.51             1.91             1.80             8.85
sleepers                      186.2k       87.9k       90.1k      297.9k       33.4k      811.4k  |             2.12             1.02             3.39             0.38             9.23             0.47             0.48             1.60             0.18             4.36
spawn_churn                    90.1k        7.8k        7.7k       10.4k         999       2.44M  |            11.61             0.99             1.34             0.13           314.58             0.09             0.09             0.12             0.01            27.08
worker_pool                    42.3k       52.1k      365.1k      145.3k      335.4k       1.76M  |             0.81             7.01             2.79             6.44            33.79             1.23             8.64             3.44             7.94            41.62

rss delta                    asyncio     threads  threads-sq     runloom runloom-mig          go  |         xthreads         xthreads         xthreads         xthreads         xthreads         xasyncio         xasyncio         xasyncio         xasyncio         xasyncio
                                                                                                  |          asyncio       threads-sq          runloom      runloom-mig               go          threads       threads-sq          runloom      runloom-mig               go
cpu_parallel                    1.2M           0           0       15.5M       22.8M           0  |                -                -                -                -                -             0.00             0.00            12.40            18.20             0.00
cpu_parallel@1                     -           -           -       12.2M       12.5M           0  |                -                -                -                -                -                -                -                -                -                -
fanout_io                       5.2M      116.2M      116.8M       31.0M  exit -11:            0  |             0.05             1.00             0.27                -             0.00            22.14            22.24             5.90                -             0.00
mixed                           3.2M       48.8M       49.0M       26.0M  exit -11:            0  |             0.07             1.00             0.53                -             0.00            15.00            15.06             8.00                -             0.00
pipeline                        1.5M           0        6.0M       16.0M       63.5M           0  |                -                -                -                -                -             0.00             4.00            10.67            42.33             0.00
sleepers                       10.0M      124.1M      123.6M       86.2M      803.3M           0  |             0.08             1.00             0.70             6.47             0.00            12.41            12.36             8.62            80.33             0.00
spawn_churn                    88.5M       60.6M       60.3M       1.34G       3.40G           0  |             1.46             0.99            22.71            57.52             0.00             0.68             0.68            15.55            39.38             0.00
worker_pool                     1.5M        1.0M        1.2M       18.2M       24.0M           0  |             1.50             1.25            18.25            24.00             0.00             0.67             0.83            12.17            16.00             0.00

bytes/unit                   asyncio     threads  threads-sq     runloom runloom-mig          go  |         xthreads         xthreads         xthreads         xthreads         xthreads         xasyncio         xasyncio         xasyncio         xasyncio         xasyncio
                                                                                                  |          asyncio       threads-sq          runloom      runloom-mig               go          threads       threads-sq          runloom      runloom-mig               go
cpu_parallel                     20k           0           0        248k        364k           0  |                -                -                -                -                -             0.00             0.00            12.40            18.20             0.00
cpu_parallel@1                     -           -           -        196k        200k           0  |                -                -                -                -                -                -                -                -                -                -
fanout_io                        11k        238k        239k         63k  exit -11:            0  |             0.05             1.00             0.27                -             0.00            22.14            22.24             5.90                -             0.00
mixed                            17k        250k        251k        133k  exit -11:            0  |             0.07             1.00             0.53                -             0.00            15.00            15.06             8.00                -             0.00
pipeline                          31           0         126         336          1k           0  |                -                -                -                -                -             0.00             4.00            10.67            42.33             0.00
sleepers                          2k         25k         25k         18k        165k           0  |             0.08             1.00             0.70             6.47             0.00            12.41            12.36             8.62            80.33             0.00
spawn_churn                      928         635         632         14k         36k           0  |             1.46             0.99            22.71            57.52             0.00             0.68             0.68            15.55            39.38             0.00
worker_pool                       79          52          66         957          1k           0  |             1.50             1.25            18.25            24.00             0.00             0.67             0.83            12.17            16.00             0.00

wrote results/linux32_workflows.json
