  mixed n=200 cpu=200      asyncio  n=200          14.7k ops/s  (0.273s, rsd 0.0%)  rss +3.0M (15k/unit)
  mixed n=200 cpu=200      threads  n=200          24.8k ops/s  (0.162s, rsd 0.0%)  rss +49.1M (251k/unit)
  mixed n=200 cpu=200      threads-sq n=200          25.4k ops/s  (0.158s, rsd 0.0%)  rss +49.0M (251k/unit)
  mixed n=200 cpu=200      runloom  n=200          63.1k ops/s  (0.063s, rsd 0.0%)  rss +25.8M (132k/unit)
  mixed n=200 cpu=200      runloom-mig n=200     FAILED: exit -11: 
  mixed n=200 cpu=200      go       n=200          70.2k ops/s  (0.057s, rsd 0.0%)  rss +0 (0/unit)
  mixed n=200 cpu=4000     asyncio  n=200           1.9k ops/s  (2.102s, rsd 0.0%)  rss +3.2M (17k/unit)
  mixed n=200 cpu=4000     threads  n=200          10.7k ops/s  (0.373s, rsd 0.0%)  rss +48.8M (250k/unit)
  mixed n=200 cpu=4000     threads-sq n=200          20.5k ops/s  (0.195s, rsd 0.0%)  rss +52.5M (269k/unit)
  mixed n=200 cpu=4000     runloom  n=200          16.3k ops/s  (0.245s, rsd 0.0%)  rss +27.0M (138k/unit)
  mixed n=200 cpu=4000     runloom-mig n=200     FAILED: exit -11: 
  mixed n=200 cpu=4000     go       n=200          75.7k ops/s  (0.053s, rsd 0.0%)  rss +0 (0/unit)
  mixed n=200 cpu=20000    asyncio  n=200            431 ops/s  (9.284s, rsd 0.0%)  rss +3.2M (17k/unit)
  mixed n=200 cpu=20000    threads  n=200           4.1k ops/s  (0.976s, rsd 0.0%)  rss +49.0M (251k/unit)
  mixed n=200 cpu=20000    threads-sq n=200           4.0k ops/s  (0.996s, rsd 0.0%)  rss +46.5M (238k/unit)
  mixed n=200 cpu=20000    runloom  n=200           4.1k ops/s  (0.983s, rsd 0.0%)  rss +26.2M (134k/unit)
  mixed n=200 cpu=20000    runloom-mig n=200     FAILED: exit -11: 
  mixed n=200 cpu=20000    go       n=200          60.8k ops/s  (0.066s, rsd 0.0%)  rss +0 (0/unit)
  mixed n=2000 cpu=200     asyncio  n=2000         14.1k ops/s  (2.843s, rsd 0.0%)  rss +17.5M (9k/unit)
  mixed n=2000 cpu=200     threads  n=2000         20.2k ops/s  (1.982s, rsd 0.0%)  rss +511.9M (262k/unit)
  mixed n=2000 cpu=200     threads-sq n=2000         20.5k ops/s  (1.956s, rsd 0.0%)  rss +511.8M (262k/unit)
  mixed n=2000 cpu=200     runloom  n=2000        130.7k ops/s  (0.306s, rsd 0.0%)  rss +61.5M (31k/unit)
  mixed n=2000 cpu=200     runloom-mig n=2000    FAILED: exit -11: 
  mixed n=2000 cpu=200     go       n=2000        304.5k ops/s  (0.131s, rsd 0.0%)  rss +12.2M (6k/unit)
  mixed n=2000 cpu=4000    asyncio  n=2000          1.9k ops/s  (21.211s, rsd 0.0%)  rss +17.5M (9k/unit)
  mixed n=2000 cpu=4000    threads  n=2000         10.6k ops/s  (3.777s, rsd 0.0%)  rss +519.0M (266k/unit)
  mixed n=2000 cpu=4000    threads-sq n=2000         10.9k ops/s  (3.672s, rsd 0.0%)  rss +507.0M (260k/unit)
  mixed n=2000 cpu=4000    runloom  n=2000         23.2k ops/s  (1.723s, rsd 0.0%)  rss +62.2M (32k/unit)
  mixed n=2000 cpu=4000    runloom-mig n=2000    FAILED: exit -11: 
  mixed n=2000 cpu=4000    go       n=2000        259.9k ops/s  (0.154s, rsd 0.0%)  rss +16.8M (9k/unit)
  mixed n=2000 cpu=20000   asyncio  n=2000           420 ops/s  (95.133s, rsd 0.0%)  rss +17.5M (9k/unit)
  mixed n=2000 cpu=20000   threads  n=2000          4.0k ops/s  (10.019s, rsd 0.0%)  rss +481.8M (247k/unit)
  mixed n=2000 cpu=20000   threads-sq n=2000          4.0k ops/s  (9.980s, rsd 0.0%)  rss +505.3M (259k/unit)
  mixed n=2000 cpu=20000   runloom  n=2000          5.2k ops/s  (7.755s, rsd 0.0%)  rss +61.0M (31k/unit)
  mixed n=2000 cpu=20000   runloom-mig n=2000    FAILED: exit -11: 
  mixed n=2000 cpu=20000   go       n=2000        247.3k ops/s  (0.162s, rsd 0.0%)  rss +14.0M (7k/unit)
  mixed n=10000 cpu=200    asyncio  n=10000        13.0k ops/s  (15.405s, rsd 0.0%)  rss +81.1M (8k/unit)
  mixed n=10000 cpu=200    threads  n=10000        15.0k ops/s  (13.294s, rsd 0.0%)  rss +2.54G (267k/unit)
  mixed n=10000 cpu=200    threads-sq n=10000        15.4k ops/s  (13.018s, rsd 0.0%)  rss +2.54G (267k/unit)
  mixed n=10000 cpu=200    runloom  n=10000       146.8k ops/s  (1.363s, rsd 0.0%)  rss +220.8M (23k/unit)
  mixed n=10000 cpu=200    runloom-mig n=10000   FAILED: exit -11: 
  mixed n=10000 cpu=200    go       n=10000       325.1k ops/s  (0.615s, rsd 0.0%)  rss +90.5M (9k/unit)
  mixed n=10000 cpu=4000   asyncio  n=10000         1.9k ops/s  (104.168s, rsd 0.0%)  rss +82.0M (8k/unit)
  mixed n=10000 cpu=4000   threads  n=10000         9.8k ops/s  (20.399s, rsd 0.0%)  rss +2.53G (265k/unit)
  mixed n=10000 cpu=4000   threads-sq n=10000         9.7k ops/s  (20.716s, rsd 0.0%)  rss +2.54G (266k/unit)
  mixed n=10000 cpu=4000   runloom  n=10000        24.9k ops/s  (8.037s, rsd 0.0%)  rss +220.2M (23k/unit)
  mixed n=10000 cpu=4000   runloom-mig n=10000   FAILED: exit -11: 
  mixed n=10000 cpu=4000   go       n=10000       314.2k ops/s  (0.636s, rsd 0.0%)  rss +100.2M (10k/unit)
  mixed n=10000 cpu=20000  asyncio  n=10000          430 ops/s  (465.321s, rsd 0.0%)  rss +81.4M (8k/unit)
  mixed n=10000 cpu=20000  threads  n=10000         3.9k ops/s  (51.353s, rsd 0.0%)  rss +2.55G (267k/unit)
  mixed n=10000 cpu=20000  threads-sq n=10000         3.9k ops/s  (51.378s, rsd 0.0%)  rss +2.55G (267k/unit)
  mixed n=10000 cpu=20000  runloom  n=10000         5.2k ops/s  (38.774s, rsd 0.0%)  rss +218.0M (22k/unit)
  mixed n=10000 cpu=20000  runloom-mig n=10000   FAILED: exit -11: 
  mixed n=10000 cpu=20000  go       n=10000       284.6k ops/s  (0.703s, rsd 0.0%)  rss +108.8M (11k/unit)

ops/s                        asyncio     threads  threads-sq     runloom runloom-mig          go  |         xthreads         xthreads         xthreads         xthreads         xthreads         xasyncio         xasyncio         xasyncio         xasyncio         xasyncio
                                                                                                  |          asyncio       threads-sq          runloom      runloom-mig               go          threads       threads-sq          runloom      runloom-mig               go
mixed n=200 cpu=200            14.7k       24.8k       25.4k       63.1k  exit -11:        70.2k  |             0.59             1.02             2.55                -             2.84             1.69             1.73             4.30                -             4.79
mixed n=200 cpu=4000            1.9k       10.7k       20.5k       16.3k  exit -11:        75.7k  |             0.18             1.91             1.52                -             7.06             5.64            10.79             8.58                -            39.78
mixed n=200 cpu=20000            431        4.1k        4.0k        4.1k  exit -11:        60.8k  |             0.11             0.98             0.99                -            14.84             9.51             9.32             9.45                -           141.18
mixed n=2000 cpu=200           14.1k       20.2k       20.5k      130.7k  exit -11:       304.5k  |             0.70             1.01             6.48                -            15.09             1.43             1.45             9.29                -            21.64
mixed n=2000 cpu=4000           1.9k       10.6k       10.9k       23.2k  exit -11:       259.9k  |             0.18             1.03             2.19                -            24.55             5.62             5.78            12.31                -           137.83
mixed n=2000 cpu=20000           420        4.0k        4.0k        5.2k  exit -11:       247.3k  |             0.11             1.00             1.29                -            61.95             9.49             9.53            12.27                -           588.23
mixed n=10000 cpu=200          13.0k       15.0k       15.4k      146.8k  exit -11:       325.1k  |             0.86             1.02             9.76                -            21.61             1.16             1.18            11.31                -            25.04
mixed n=10000 cpu=4000          1.9k        9.8k        9.7k       24.9k  exit -11:       314.2k  |             0.20             0.98             2.54                -            32.05             5.11             5.03            12.96                -           163.67
mixed n=10000 cpu=20000          430        3.9k        3.9k        5.2k  exit -11:       284.6k  |             0.11             1.00             1.32                -            73.06             9.06             9.06            12.00                -           662.05

rss delta                    asyncio     threads  threads-sq     runloom runloom-mig          go  |         xthreads         xthreads         xthreads         xthreads         xthreads         xasyncio         xasyncio         xasyncio         xasyncio         xasyncio
                                                                                                  |          asyncio       threads-sq          runloom      runloom-mig               go          threads       threads-sq          runloom      runloom-mig               go
mixed n=200 cpu=200             3.0M       49.1M       49.0M       25.8M  exit -11:            0  |             0.06             1.00             0.52                -             0.00            16.35            16.33             8.58                -             0.00
mixed n=200 cpu=4000            3.2M       48.8M       52.5M       27.0M  exit -11:            0  |             0.07             1.08             0.55                -             0.00            15.00            16.15             8.31                -             0.00
mixed n=200 cpu=20000           3.2M       49.0M       46.5M       26.2M  exit -11:            0  |             0.07             0.95             0.54                -             0.00            15.07            14.31             8.08                -             0.00
mixed n=2000 cpu=200           17.5M      511.9M      511.8M       61.5M  exit -11:        12.2M  |             0.03             1.00             0.12                -             0.02            29.25            29.25             3.51                -             0.70
mixed n=2000 cpu=4000          17.5M      519.0M      507.0M       62.2M  exit -11:        16.8M  |             0.03             0.98             0.12                -             0.03            29.66            28.97             3.56                -             0.96
mixed n=2000 cpu=20000         17.5M      481.8M      505.3M       61.0M  exit -11:        14.0M  |             0.04             1.05             0.13                -             0.03            27.53            28.88             3.49                -             0.80
mixed n=10000 cpu=200          81.1M       2.54G       2.54G      220.8M  exit -11:        90.5M  |             0.03             1.00             0.08                -             0.03            32.12            32.10             2.72                -             1.12
mixed n=10000 cpu=4000         82.0M       2.53G       2.54G      220.2M  exit -11:       100.2M  |             0.03             1.00             0.09                -             0.04            31.58            31.73             2.68                -             1.22
mixed n=10000 cpu=20000        81.4M       2.55G       2.55G      218.0M  exit -11:       108.8M  |             0.03             1.00             0.08                -             0.04            32.03            32.08             2.68                -             1.34

bytes/unit                   asyncio     threads  threads-sq     runloom runloom-mig          go  |         xthreads         xthreads         xthreads         xthreads         xthreads         xasyncio         xasyncio         xasyncio         xasyncio         xasyncio
                                                                                                  |          asyncio       threads-sq          runloom      runloom-mig               go          threads       threads-sq          runloom      runloom-mig               go
mixed n=200 cpu=200              15k        251k        251k        132k  exit -11:            0  |             0.06             1.00             0.52                -             0.00            16.35            16.33             8.58                -             0.00
mixed n=200 cpu=4000             17k        250k        269k        138k  exit -11:            0  |             0.07             1.08             0.55                -             0.00            15.00            16.15             8.31                -             0.00
mixed n=200 cpu=20000            17k        251k        238k        134k  exit -11:            0  |             0.07             0.95             0.54                -             0.00            15.07            14.31             8.08                -             0.00
mixed n=2000 cpu=200              9k        262k        262k         31k  exit -11:           6k  |             0.03             1.00             0.12                -             0.02            29.25            29.25             3.51                -             0.70
mixed n=2000 cpu=4000             9k        266k        260k         32k  exit -11:           9k  |             0.03             0.98             0.12                -             0.03            29.66            28.97             3.56                -             0.96
mixed n=2000 cpu=20000            9k        247k        259k         31k  exit -11:           7k  |             0.04             1.05             0.13                -             0.03            27.53            28.88             3.49                -             0.80
mixed n=10000 cpu=200             8k        267k        267k         23k  exit -11:           9k  |             0.03             1.00             0.08                -             0.03            32.12            32.10             2.72                -             1.12
mixed n=10000 cpu=4000            8k        265k        266k         23k  exit -11:          10k  |             0.03             1.00             0.09                -             0.04            31.58            31.73             2.68                -             1.22
mixed n=10000 cpu=20000           8k        267k        267k         22k  exit -11:          11k  |             0.03             1.00             0.08                -             0.04            32.03            32.08             2.68                -             1.34

wrote results/linux32_sweep_mixed.json
